2026-09-24T19:22:06.5501106+08:00 STATE_MACHINE_BEGIN cycle=1 execute=True base_commit=89f2c86d48c91a974988d9bf67415f592da6f50d
2026-09-24T19:22:07.0618624+08:00 EXPECTED_NONZERO_CAPTURE_SELFTEST=PASS exit=23
2026-09-24T19:22:07.0765793+08:00 CAPTURE_BEGIN=V1_A_RAW
2026-09-24T19:22:20.7002875+08:00 CAPTURE_OUTPUT=SNAPSHOT=V1_A_RAW
2026-09-24T19:22:20.7072913+08:00 CAPTURE_OUTPUT=SUMMARY=C:\Users\TT\Desktop\platform-tools\voxi_wfc_research_computer_b\experiments\wfc_repeatability_normalization\runs\r3_3cycle_v2\snapshots\V1_A_RAW.json
2026-09-24T19:22:20.7235806+08:00 CAPTURE_OUTPUT=RAW=C:\Users\TT\Desktop\platform-tools\voxi_wfc_local_runs\repeatability_normalization\r3_3cycle_v2\V1_A_RAW
2026-09-24T19:22:20.7295818+08:00 CAPTURE_OUTPUT=AIRPLANE=0
2026-09-24T19:22:20.7345819+08:00 CAPTURE_OUTPUT=WFC_HEALTHY=False
2026-09-24T19:22:20.7405853+08:00 CAPTURE_OUTPUT=FAILURE_CLASS=F1
2026-09-24T19:22:20.8631034+08:00 CAPTURE_END=V1_A_RAW HEALTH=False
2026-09-24T19:22:21.0273672+08:00 V1_A_RESULT=A_PASS_NO_WRITE
2026-09-24T19:22:21.0423660+08:00 PHONE_WRITE=cmd connectivity airplane-mode enable
2026-09-24T19:22:24.3165044+08:00 PHONE_WRITE=svc wifi enable
2026-09-24T19:22:24.5265200+08:00 V1_P_SETTLE_SECONDS=60
2026-09-24T19:23:24.5402355+08:00 CAPTURE_BEGIN=V1_P_RAW
2026-09-24T19:23:38.4537069+08:00 CAPTURE_OUTPUT=SNAPSHOT=V1_P_RAW
2026-09-24T19:23:38.4597013+08:00 CAPTURE_OUTPUT=SUMMARY=C:\Users\TT\Desktop\platform-tools\voxi_wfc_research_computer_b\experiments\wfc_repeatability_normalization\runs\r3_3cycle_v2\snapshots\V1_P_RAW.json
2026-09-24T19:23:38.4643414+08:00 CAPTURE_OUTPUT=RAW=C:\Users\TT\Desktop\platform-tools\voxi_wfc_local_runs\repeatability_normalization\r3_3cycle_v2\V1_P_RAW
2026-09-24T19:23:38.4689189+08:00 CAPTURE_OUTPUT=AIRPLANE=1
2026-09-24T19:23:38.4779286+08:00 CAPTURE_OUTPUT=WFC_HEALTHY=False
2026-09-24T19:23:38.4829193+08:00 CAPTURE_OUTPUT=FAILURE_CLASS=F1
2026-09-24T19:23:38.4929238+08:00 CAPTURE_END=V1_P_RAW HEALTH=False
