[2026-09-23 13:18:23.934] PASSIVE MONITOR START
[2026-09-23 13:18:23.952] No phone/network settings will be changed by this monitor.
[2026-09-23 13:18:29.385] STATE -> PRE-P1; STAGE=IWLAN_HOME SIM=1/ACTIVE HOME=1 DATAIWLAN=0 PREF=0 CNE=NO REQ=NULL M19=NONE(//) RAT=0 DC=0 QNET=0 ePDG=0 XFRM=0 IMS=0 WFC=0
[2026-09-23 13:19:19.226] DEEP MARKER: STAGE=M19_OTHER M19=0_2 status=0 registered=2 restrictCause=0 RatRequested=0 StartDataCall=0 QNET=0
[2026-09-23 13:19:28.872] STATE -> P1-CAND; STAGE=M19_2_1 SIM=1/ACTIVE HOME=1 DATAIWLAN=1 PREF=1 CNE=NO REQ=NULL M19=2_1(2/1/0) RAT=0 DC=0 QNET=0 ePDG=0 XFRM=0 IMS=0 WFC=0
[2026-09-23 13:19:29.060] DEEP MARKER: STAGE=M19_2_1 M19=2_1 status=2 registered=1 restrictCause=0 RatRequested=0 StartDataCall=0 QNET=0
[2026-09-23 13:20:00.768] STATE -> P1-F; STAGE=IWLAN_HOME SIM=1/ACTIVE HOME=1 DATAIWLAN=1 PREF=1 CNE=NO REQ=NULL M19=NONE(//) RAT=0 DC=0 QNET=0 ePDG=0 XFRM=0 IMS=0 WFC=0
[2026-09-23 13:20:00.969] DEEP MARKER: STAGE=IWLAN_HOME M19=NONE status= registered= restrictCause= RatRequested=0 StartDataCall=0 QNET=0
[2026-09-23 13:20:54.322] DEEP EPOCH RESET: airplane OFF at 13:20:54.322
[2026-09-23 13:20:58.104] STATE -> PRE-P1; STAGE=IWLAN_HOME SIM=1/ACTIVE HOME=1 DATAIWLAN=0 PREF=0 CNE=NO REQ=NULL M19=NONE(//) RAT=0 DC=0 QNET=0 ePDG=0 XFRM=0 IMS=0 WFC=0
[2026-09-23 13:22:04.841] DEEP MARKER: STAGE=M19_OTHER M19=0_2 status=0 registered=2 restrictCause=0 RatRequested=0 StartDataCall=0 QNET=0
[2026-09-23 13:22:14.708] STATE -> P1-CAND; STAGE=M19_2_1 SIM=1/ACTIVE HOME=1 DATAIWLAN=1 PREF=1 CNE=NO REQ=NULL M19=2_1(2/1/0) RAT=0 DC=0 QNET=0 ePDG=0 XFRM=0 IMS=0 WFC=0
[2026-09-23 13:22:14.909] DEEP MARKER: STAGE=M19_2_1 M19=2_1 status=2 registered=1 restrictCause=0 RatRequested=0 StartDataCall=0 QNET=0
[2026-09-23 13:23:04.122] STATE -> P1-F; STAGE=IWLAN_HOME SIM=1/ACTIVE HOME=1 DATAIWLAN=1 PREF=1 CNE=NO REQ=NULL M19=NONE(//) RAT=0 DC=0 QNET=0 ePDG=0 XFRM=0 IMS=0 WFC=0
[2026-09-23 13:23:04.309] DEEP MARKER: STAGE=IWLAN_HOME M19=NONE status= registered= restrictCause= RatRequested=0 StartDataCall=0 QNET=0
[2026-09-23 13:24:10.109] DEEP EPOCH RESET: airplane OFF at 13:24:10.108
[2026-09-23 13:24:14.382] STATE -> PRE-P1; STAGE=IWLAN_HOME SIM=1/ACTIVE HOME=1 DATAIWLAN=0 PREF=0 CNE=NO REQ=NULL M19=NONE(//) RAT=0 DC=0 QNET=0 ePDG=0 XFRM=0 IMS=0 WFC=0
[2026-09-23 13:24:56.520] DEEP MARKER: STAGE=M19_2_1 M19=2_1 status=2 registered=1 restrictCause=0 RatRequested=0 StartDataCall=0 QNET=0
[2026-09-23 13:25:06.703] STATE -> P1-CAND; STAGE=M19_2_1 SIM=1/ACTIVE HOME=1 DATAIWLAN=1 PREF=1 CNE=NO REQ=NULL M19=2_1(2/1/0) RAT=0 DC=0 QNET=0 ePDG=0 XFRM=0 IMS=0 WFC=0
[2026-09-23 13:25:47.798] STATE -> P1-F; STAGE=IWLAN_HOME SIM=1/ACTIVE HOME=1 DATAIWLAN=1 PREF=1 CNE=NO REQ=NULL M19=NONE(//) RAT=0 DC=0 QNET=0 ePDG=0 XFRM=0 IMS=0 WFC=0
[2026-09-23 13:25:48.001] DEEP MARKER: STAGE=IWLAN_HOME M19=NONE status= registered= restrictCause= RatRequested=0 StartDataCall=0 QNET=0
[2026-09-23 13:26:33.260] DEEP EPOCH RESET: airplane OFF at 13:26:33.260
[2026-09-23 13:26:36.803] STATE -> PRE-P1; STAGE=IWLAN_HOME SIM=1/ACTIVE HOME=1 DATAIWLAN=0 PREF=0 CNE=NO REQ=NULL M19=NONE(//) RAT=0 DC=0 QNET=0 ePDG=0 XFRM=0 IMS=0 WFC=0
[2026-09-23 13:31:17.950] STATE -> P1-F; STAGE=M19_OTHER SIM=1/ACTIVE HOME=1 DATAIWLAN=1 PREF=0 CNE=NO REQ=NULL M19=0_2(0/2/0) RAT=0 DC=0 QNET=0 ePDG=0 XFRM=0 IMS=0 WFC=0
[2026-09-23 13:31:18.137] DEEP MARKER: STAGE=M19_OTHER M19=0_2 status=0 registered=2 restrictCause=0 RatRequested=0 StartDataCall=0 QNET=0
[2026-09-23 13:31:27.825] STATE -> P1-CAND; STAGE=M19_2_1 SIM=1/ACTIVE HOME=1 DATAIWLAN=1 PREF=1 CNE=NO REQ=NULL M19=2_1(2/1/0) RAT=0 DC=0 QNET=0 ePDG=0 XFRM=0 IMS=0 WFC=0
[2026-09-23 13:31:28.013] DEEP MARKER: STAGE=M19_2_1 M19=2_1 status=2 registered=1 restrictCause=0 RatRequested=0 StartDataCall=0 QNET=0
[2026-09-23 13:31:47.909] STATE -> P1-F; STAGE=IWLAN_HOME SIM=1/ACTIVE HOME=1 DATAIWLAN=1 PREF=1 CNE=NO REQ=NULL M19=NONE(//) RAT=0 DC=0 QNET=0 ePDG=0 XFRM=0 IMS=0 WFC=0
[2026-09-23 13:31:48.106] DEEP MARKER: STAGE=IWLAN_HOME M19=NONE status= registered= restrictCause= RatRequested=0 StartDataCall=0 QNET=0
[2026-09-23 13:32:34.257] DEEP EPOCH RESET: airplane OFF at 13:32:34.252
[2026-09-23 13:32:38.900] STATE -> PRE-P1; STAGE=IWLAN_HOME SIM=1/ACTIVE HOME=1 DATAIWLAN=0 PREF=0 CNE=NO REQ=NULL M19=NONE(//) RAT=0 DC=0 QNET=0 ePDG=0 XFRM=0 IMS=0 WFC=0
[2026-09-23 13:34:19.605] STATE -> P1-CAND; STAGE=M19_2_1 SIM=1/ACTIVE HOME=1 DATAIWLAN=1 PREF=1 CNE=NO REQ=NULL M19=2_1(2/1/0) RAT=0 DC=0 QNET=0 ePDG=0 XFRM=0 IMS=0 WFC=0
[2026-09-23 13:34:19.815] DEEP MARKER: STAGE=M19_2_1 M19=2_1 status=2 registered=1 restrictCause=0 RatRequested=0 StartDataCall=0 QNET=0
[2026-09-23 13:34:29.878] DEEP MARKER: STAGE=M19_OTHER M19=0_2 status=0 registered=2 restrictCause=0 RatRequested=0 StartDataCall=0 QNET=0
[2026-09-23 13:34:40.023] DEEP MARKER: STAGE=M19_2_1 M19=2_1 status=2 registered=1 restrictCause=0 RatRequested=0 StartDataCall=0 QNET=0
[2026-09-23 13:35:00.369] DEEP MARKER: STAGE=NONE M19=NONE status= registered= restrictCause= RatRequested=0 StartDataCall=0 QNET=0
[2026-09-23 13:39:44.024] DEEP EPOCH RESET: airplane OFF at 13:39:44.024
[2026-09-23 13:40:02.188] STATE -> PRE-P1; STAGE=IWLAN_HOME SIM=1/ACTIVE HOME=1 DATAIWLAN=0 PREF=0 CNE=NO REQ=NULL M19=NONE(//) RAT=0 DC=0 QNET=0 ePDG=0 XFRM=0 IMS=0 WFC=0
[2026-09-23 13:41:21.946] DEEP MARKER: STAGE=M19_OTHER M19=0_2 status=0 registered=2 restrictCause=0 RatRequested=0 StartDataCall=0 QNET=0
[2026-09-23 13:41:32.826] STATE -> P1-CAND; STAGE=M19_2_1 SIM=1/ACTIVE HOME=1 DATAIWLAN=1 PREF=1 CNE=NO REQ=NULL M19=2_1(2/1/0) RAT=0 DC=0 QNET=0 ePDG=0 XFRM=0 IMS=0 WFC=0
[2026-09-23 13:41:33.017] DEEP MARKER: STAGE=M19_2_1 M19=2_1 status=2 registered=1 restrictCause=0 RatRequested=0 StartDataCall=0 QNET=0
[2026-09-23 13:41:54.049] STATE -> P1-F; STAGE=IWLAN_HOME SIM=1/ACTIVE HOME=1 DATAIWLAN=1 PREF=1 CNE=NO REQ=NULL M19=NONE(//) RAT=0 DC=0 QNET=0 ePDG=0 XFRM=0 IMS=0 WFC=0
[2026-09-23 13:41:54.249] DEEP MARKER: STAGE=IWLAN_HOME M19=NONE status= registered= restrictCause= RatRequested=0 StartDataCall=0 QNET=0
[2026-09-23 14:02:54.873] DEEP EPOCH RESET: airplane OFF at 14:02:54.873
[2026-09-23 14:03:03.081] SAMPLE WARNING: wfcctl returned no valid report. ExitCode=255`r`n
[2026-09-23 14:03:05.175] SAMPLE WARNING: wfcctl returned no valid report. ExitCode=1`r`nadb.exe: device 'fd0ff892' not found
[2026-09-23 14:03:07.255] SAMPLE WARNING: wfcctl returned no valid report. ExitCode=1`r`nadb.exe: device 'fd0ff892' not found
[2026-09-23 14:03:09.332] SAMPLE WARNING: wfcctl returned no valid report. ExitCode=1`r`nadb.exe: device 'fd0ff892' not found
[2026-09-23 14:03:11.462] SAMPLE WARNING: wfcctl returned no valid report. ExitCode=1`r`nadb.exe: device 'fd0ff892' not found
[2026-09-23 14:03:13.543] SAMPLE WARNING: wfcctl returned no valid report. ExitCode=1`r`nadb.exe: device 'fd0ff892' not found
[2026-09-23 14:03:15.628] SAMPLE WARNING: wfcctl returned no valid report. ExitCode=1`r`nadb.exe: device 'fd0ff892' not found
[2026-09-23 14:03:17.725] SAMPLE WARNING: wfcctl returned no valid report. ExitCode=1`r`nadb.exe: device 'fd0ff892' not found
[2026-09-23 14:03:23.125] DEEP EPOCH RESET: SIM absent at 14:03:23.124
[2026-09-23 14:03:27.935] STATE -> SIM_ABSENT; STAGE=NONE SIM=null/INACTIVE HOME=0 DATAIWLAN=0 PREF=0 CNE=NO REQ=NULL M19=NONE(//) RAT=0 DC=0 QNET=0 ePDG=0 XFRM=0 IMS=0 WFC=0
[2026-09-23 14:03:35.589] DEEP EPOCH RESET: SIM absent at 14:03:35.589
[2026-09-23 14:03:50.147] STATE -> PRE-P1; STAGE=IWLAN_HOME SIM=1/ACTIVE HOME=1 DATAIWLAN=0 PREF=0 CNE=NO REQ=NULL M19=NONE(//) RAT=0 DC=0 QNET=0 ePDG=0 XFRM=0 IMS=0 WFC=0
[2026-09-23 14:04:34.653] STATE -> P1-F; STAGE=IWLAN_HOME SIM=1/ACTIVE HOME=1 DATAIWLAN=1 PREF=1 CNE=NO REQ=NULL M19=NONE(//) RAT=0 DC=0 QNET=0 ePDG=0 XFRM=0 IMS=0 WFC=0
[2026-09-23 14:12:19.062] STATE -> HEALTHY; STAGE=WFC SIM=1/ACTIVE HOME=1 DATAIWLAN=1 PREF=1 CNE=YES REQ=PRESENT M19=NONE(//) RAT=0 DC=0 QNET=0 ePDG=1 XFRM=1 IMS=1 WFC=1
[2026-09-23 14:12:19.255] *** WFC HEALTHY DETECTED ***
[2026-09-23 14:17:28.706] STATE -> P2; STAGE=CNE_REQUEST SIM=1/ACTIVE HOME=1 DATAIWLAN=1 PREF=1 CNE=YES REQ=PRESENT M19=NONE(//) RAT=0 DC=0 QNET=0 ePDG=0 XFRM=0 IMS=0 WFC=0
[2026-09-23 14:21:02.255] STATE -> P1-F; STAGE=IWLAN_HOME SIM=1/ACTIVE HOME=1 DATAIWLAN=1 PREF=1 CNE=NO REQ=NULL M19=NONE(//) RAT=0 DC=0 QNET=0 ePDG=0 XFRM=0 IMS=0 WFC=0
[2026-09-23 14:36:48.787] SAMPLE WARNING: wfcctl returned no valid report. ExitCode=1`r`nadb.exe: device 'fd0ff892' not found
[2026-09-23 14:36:50.868] SAMPLE WARNING: wfcctl returned no valid report. ExitCode=1`r`nadb.exe: device 'fd0ff892' not found
[2026-09-23 14:36:52.954] SAMPLE WARNING: wfcctl returned no valid report. ExitCode=1`r`nadb.exe: device 'fd0ff892' not found
[2026-09-23 14:36:55.041] SAMPLE WARNING: wfcctl returned no valid report. ExitCode=1`r`nadb.exe: device 'fd0ff892' not found
[2026-09-23 14:36:57.115] SAMPLE WARNING: wfcctl returned no valid report. ExitCode=1`r`nadb.exe: device 'fd0ff892' not found
[2026-09-23 14:36:59.190] SAMPLE WARNING: wfcctl returned no valid report. ExitCode=1`r`nadb.exe: device 'fd0ff892' not found
[2026-09-23 14:37:01.283] SAMPLE WARNING: wfcctl returned no valid report. ExitCode=1`r`nadb.exe: device 'fd0ff892' not found
[2026-09-23 14:37:03.356] SAMPLE WARNING: wfcctl returned no valid report. ExitCode=1`r`nadb.exe: device 'fd0ff892' not found
[2026-09-23 14:37:08.280] DEEP EPOCH RESET: SIM absent at 14:37:08.279
[2026-09-23 14:37:12.299] STATE -> SIM_ABSENT; STAGE=NONE SIM=null/INACTIVE HOME=0 DATAIWLAN=0 PREF=0 CNE=NO REQ=NULL M19=NONE(//) RAT=0 DC=0 QNET=0 ePDG=0 XFRM=0 IMS=0 WFC=0
[2026-09-23 14:37:19.170] DEEP EPOCH RESET: SIM absent at 14:37:19.170
[2026-09-23 14:37:39.773] STATE -> P1-F; STAGE=IWLAN_HOME SIM=1/ACTIVE HOME=1 DATAIWLAN=1 PREF=1 CNE=NO REQ=NULL M19=NONE(//) RAT=0 DC=0 QNET=0 ePDG=0 XFRM=0 IMS=0 WFC=0
[2026-09-23 14:37:56.509] DEEP EPOCH RESET: airplane OFF at 14:37:56.509
[2026-09-23 14:38:10.288] STATE -> PRE-P1; STAGE=IWLAN_HOME SIM=1/ACTIVE HOME=1 DATAIWLAN=0 PREF=0 CNE=NO REQ=NULL M19=NONE(//) RAT=0 DC=0 QNET=0 ePDG=0 XFRM=0 IMS=0 WFC=0
[2026-09-23 14:38:31.073] STATE -> P1-F; STAGE=IWLAN_HOME SIM=1/ACTIVE HOME=1 DATAIWLAN=1 PREF=1 CNE=NO REQ=NULL M19=NONE(//) RAT=0 DC=0 QNET=0 ePDG=0 XFRM=0 IMS=0 WFC=0
[2026-09-23 14:55:12.786] STATE -> P1-F; STAGE=IWLAN_HOME SIM=1/ACTIVE HOME=1 DATAIWLAN=1 PREF=1 CNE=NO REQ=NULL M19=NONE(//) RAT=0 DC=0 QNET=0 ePDG=0 XFRM=0 IMS=0 WFC=0
