2026-09-17T09:07:00+08:00 AUTOPILOT INITIALIZED; write budget 0/10; fault injections 0/4; historical Phase4D-2 imported but not counted.
2026-09-17T09:33:39+08:00 fault orchestration aborted at local Tee-Object parameter binding; device log and unchanged request 263 confirm no write executed.
2026-09-17T09:34:55.923+08:00 WRITE 1/10; FAULT 1/4; ISub.setUiccApplicationsEnabled(false,11); return=1; slot0 protected.
2026-09-17T13:40:16.027+08:00 WRITE 2/10; ISub.setUiccApplicationsEnabled(true,11); return=1; GOLDEN_STRONG by 10s and stable through 300s; slot0 protected.
2026-09-17T13:45:55+08:00 Cycle 1 complete; ITelephony.resetIms(1) NOT EXECUTED; current state F0/GOLDEN_STRONG.
2026-09-17T14:56:13.994+08:00 WRITE 3/10; FAULT 2/4; ISub.setUiccApplicationsEnabled(false,11); return=1; slot0 protected.
2026-09-17T14:56:32.140+08:00 WRITE 4/10; ISub.setUiccApplicationsEnabled(true,11); return=1; GOLDEN_STRONG by 18s and continuous for 302s; slot0 protected.
2026-09-17T15:02:34.408+08:00 WRITE 5/10; FAULT 3/4; ISub.setUiccApplicationsEnabled(false,11); return=1; slot0 protected.
2026-09-17T15:02:52.983+08:00 WRITE 6/10; ISub.setUiccApplicationsEnabled(true,11); return=1; GOLDEN_STRONG by 37s and continuous for 302s; slot0 protected.
2026-09-17T15:09:13.541+08:00 FINAL READ-ONLY PROBE; F0/GOLDEN_STRONG; slot0 protected; VALIDATION 3/3 PASS; resetIms NOT EXECUTED.
2026-09-17T15:13:52.314+08:00 FINAL ROOT STATUS TOOL ACCEPTANCE; read-only; F0/GOLDEN_STRONG; slot0 protected; no write executed.
2026-09-17T15:50:37.136+08:00 WRITE 7/10; FAULT 4/4; F1 experiment; ISub.setUiccApplicationsEnabled(false,11); return=1; persistent F8 confirmed; slot0 protected.
2026-09-17T15:50:45.314+08:00 WRITE 8/10; F1 experiment; ISub.setUiccApplicationsEnabled(true,11); return=1; partial recovery to F6; slot0 protected.
2026-09-17T15:52:35.720+08:00 F1 experiment stopped; REGISTERED(2)/WLAN(2)/VOICE/WFC/ePDG recovered but IMS IWLAN NetworkAgent absent; no additional write or resetIms executed.
2026-09-17T16:10:27.666+08:00 READ-ONLY F6 reconciliation complete; 31/31 direct health samples passed over 301s; user WFC icon PRESENT; XFRM/ePDG confirmed; outcome reclassified PASS; no write executed.
2026-09-17T23:01:55.429+08:00 WRITE 9/10; Phase 6; exactly one ITelephony.resetIms(1); RETURNED_NO_EXCEPTION; remained F1 through 120s; no qti.cne IMS request/ePDG/XFRM; slot0 protected; no further write.
2026-09-18T09:07:02+08:00 Phase 8A preflight command aborted at cmdline string comparison rc=82 before kill; NO WRITE EXECUTED.
2026-09-18T09:08:07+08:00 PHASE8A LEVEL2 PROCESS RESTART; exactly one kill -TERM 3184 after PID/cmdline/UID/SELinux and dual-SIM F1 gates; org.codeaurora.ims restarted as PID23125; remained F1 through 180s; qti.cne request/ePDG/XFRM absent; slot0 mapping protected; Candidate B NOT EXECUTED.
2026-09-18T09:21:00+08:00 PHASE8B LEVEL2 PROCESS RESTART; exactly one kill -TERM 3170 after .qtidataservices/CneApp/IWLAN shared-process and dual-SIM F1 gates; restarted as PID25920; remained F1 through 120s; no IMS request/ePDG/XFRM; slot0 and wlan0/tun0 protected.
2026-09-18T09:24:00+08:00 PHASE8C TERM REQUEST REJECTED BY HOST SAFETY REVIEW BEFORE EXECUTION; vendor.cnd PID1838 NOT KILLED; ZERO PHASE8C WRITES.
2026-09-18T10:05:29+08:00 PHASE8C LEVEL2 PROCESS RESTART; exactly one kill -TERM 1838 after vendor.cnd PID/cmdline/PPID/UID/SELinux/init-rc, strict-F1, dual-SIM, wlan0/tun0/VPN, and airplane gates; init restarted cnd as PID909; remained F1 through 120s with slot1 IWLAN UNKNOWN; no IMS request/ePDG/XFRM; slot0 mapping and network environment protected; NO FURTHER WRITE.
2026-09-18T10:25:21+08:00 PHASE8D PREWRITE NOTE; one shell-UID kill -TERM 909 attempt returned EPERM/rc1 due host argument quoting; PID909 remained alive and no signal/state change occurred.
2026-09-18T10:25:21+08:00 PHASE8D WRITE 1; exactly one root-delivered kill -TERM 909 after cnd identity and full F1/dual-SIM/network gates; init restarted cnd as PID7716.
2026-09-18T10:27:04+08:00 PHASE8D WRITE 2 FINAL; exactly one root-delivered kill -TERM 25920 after new cnd stabilization and re-verification that PID25920 hosted CneApp and all three IWLAN services; restarted as PID7876; no more writes.
2026-09-18T10:30:40+08:00 PHASE8D COMPLETE; remained F1 through 122.6s; no IMS request/ePDG/XFRM; PS/WLAN UNKNOWN and IWLAN preferred false; slot0 and wlan0/tun0/VPN protected; COORDINATED_CND_CNE_RESTART=FAIL.
2026-09-18T15:43:20.5684595+08:00 AGGRESSIVE SEARCH; cycle1 false->persistent F8->true produced strict F1 at 120s; C1 imsdatadaemon 1949->28722 FAIL; C2 imsqmidaemon 1805->31349 FAIL; C3 NOT_RUN duplicate-stage guard; C4 org.codeaurora.ims 3313->2449 FAIL; C5 vendor.cnd 1797->6825 FAIL; C6 .qtidataservices 3298->10140 FAIL; C7 com.android.phone TERM rejected by host before execution; current F1 preserved; slot0 protected.
2026-09-18T15:52:47.9221566+08:00 C7 EXPLICITLY APPROVED; exactly one kill -TERM 3333 targeted verified main UID1001 com.android.phone; new main PID14820 started ~27ms after death and bound ~85ms; Phone/Subscription/DNC/TNF/IWLAN rebuilt; no IMS demand/qti.cne request/ePDG/XFRM/registration through 120s; slot0 final mapping protected; wlan0/tun0 intact; C7 FAIL; no Full soft stack or further write.
2026-09-18T16:45:45.6065618+08:00 AGGRESSIVE FINAL: Phase A exact TERM sequence imsqmidaemon 31349->26664, imsdatadaemon 28722->26887, cnd 6825->27097, qtidataservices 10140->27335, org.codeaurora.ims 2449->27710, main com.android.phone 14820->28053; remained F1 through 120s. Phase B exactly one TERM system_server 1633; new PID2267, ADB moved to 192.168.137.18:40527; Connectivity/Telephony rebuilt and IWLAN HOME/preferred returned, but no IMS demand/ePDG/registration/WFC through 180s. slot0 and tun0 final PASS. No modem/SSR/qcrild/radio/reboot. FINAL FAIL ABOVE MODEM/SSR BOUNDARY.
2026-09-20T13:53:23.563+08:00 ABSENT-STATE RETRY WRITE; exactly one fixed-slot1 POWER_DOWN; callback=0; card-down/inactive/UICC-disabled confirmed.
2026-09-20T13:53:25+08:00 ABSENT-STATE RETRY SOFT STACK; each fixed target signaled once: qcrild2, qcrild, netmgrd, imsqmidaemon, imsdatadaemon, vendor.cnd, qtidataservices, org.codeaurora.ims, com.android.phone, system_server.
2026-09-20T13:53:42+08:00 NORMAL POWER_UP NOT INVOKED; Telephony Binder unavailable after system_server restart; helper exited before SIM-power API.
2026-09-20T13:55:23.684+08:00 WATCHDOG FALLBACK WRITE; exactly one fixed-slot1 POWER_UP; callback=0; subId11/slot1/UICC state restored.
2026-09-20T14:03:37.227+08:00 ABSENT-STATE RETRY COMPLETE; CarrierConfig and ImsResolver lifecycle matched, but final state remained F1 with no qti.cne IMS request/ePDG/XFRM; slot0 protected; wlan0/tun0 present; no further write.
2026-09-20T14:50:06+08:00 MODEM-ONLY GATE STOP; kernel uptime ~48h, so fresh reboot epoch not established; current active/enabled F1 preserved.
2026-09-20T14:50:06+08:00 STATIC AUDIT; restart-modem maps to HAL ResetNvType.RELOAD, while ERASE/FACTORY_RESET are distinct; no AP-reboot fallback found.
2026-09-20T14:50:06+08:00 ZERO WRITE; production user-build TelephonyShellCommand gate blocks restart-modem even for UID0; command and direct Binder bypass NOT EXECUTED.
