[2026-09-23 13:19:19.229] STAGE=M19_OTHER
Mode19Raw: 09-23 13:19:10.285  3179  3179 I QImsService: ImsServiceSub : [1] StatusForAccessTech networkMode = 19 registered = 2 status = 0 restrictCause = 0
RatRequestedRaw: 
StartDataCallRaw: 
QualifiedNetworksRaw: 
IWlanProxyRaw: 

[2026-09-23 13:19:29.068] STAGE=M19_2_1
Mode19Raw: 09-23 13:19:14.699  3179  3179 I QImsService: ImsServiceSub : [1] StatusForAccessTech networkMode = 19 registered = 1 status = 2 restrictCause = 0
RatRequestedRaw: 
StartDataCallRaw: 
QualifiedNetworksRaw: 
IWlanProxyRaw: 

[2026-09-23 13:20:00.976] STAGE=IWLAN_HOME
Mode19Raw: 
RatRequestedRaw: 
StartDataCallRaw: 
QualifiedNetworksRaw: 
IWlanProxyRaw: 

[2026-09-23 13:22:04.844] STAGE=M19_OTHER
Mode19Raw: 09-23 13:21:56.239  3179  3179 I QImsService: ImsServiceSub : [1] StatusForAccessTech networkMode = 19 registered = 2 status = 0 restrictCause = 0
RatRequestedRaw: 
StartDataCallRaw: 
QualifiedNetworksRaw: 
IWlanProxyRaw: 

[2026-09-23 13:22:14.916] STAGE=M19_2_1
Mode19Raw: 09-23 13:22:00.229  3179  3179 I QImsService: ImsServiceSub : [1] StatusForAccessTech networkMode = 19 registered = 1 status = 2 restrictCause = 0
RatRequestedRaw: 
StartDataCallRaw: 
QualifiedNetworksRaw: 
IWlanProxyRaw: 

[2026-09-23 13:23:04.315] STAGE=IWLAN_HOME
Mode19Raw: 
RatRequestedRaw: 
StartDataCallRaw: 
QualifiedNetworksRaw: 
IWlanProxyRaw: 

[2026-09-23 13:24:56.527] STAGE=M19_2_1
Mode19Raw: 09-23 13:24:49.088  3179  3179 I QImsService: ImsServiceSub : [1] StatusForAccessTech networkMode = 19 registered = 1 status = 2 restrictCause = 0
RatRequestedRaw: 
StartDataCallRaw: 
QualifiedNetworksRaw: 
IWlanProxyRaw: 

[2026-09-23 13:25:48.008] STAGE=IWLAN_HOME
Mode19Raw: 
RatRequestedRaw: 
StartDataCallRaw: 
QualifiedNetworksRaw: 
IWlanProxyRaw: 

