[2026-09-23 13:18:23.934] PASSIVE MONITOR START
[2026-09-23 13:18:23.952] No phone/network settings will be changed by this monitor.
[2026-09-23 13:18:29.385] STATE -> PRE-P1; STAGE=IWLAN_HOME SIM=1/ACTIVE HOME=1 DATAIWLAN=0 PREF=0 CNE=NO REQ=NULL M19=NONE(//) RAT=0 DC=0 QNET=0 ePDG=0 XFRM=0 IMS=0 WFC=0
[2026-09-23 13:19:19.226] DEEP MARKER: STAGE=M19_OTHER M19=0_2 status=0 registered=2 restrictCause=0 RatRequested=0 StartDataCall=0 QNET=0
[2026-09-23 13:19:28.872] STATE -> P1-CAND; STAGE=M19_2_1 SIM=1/ACTIVE HOME=1 DATAIWLAN=1 PREF=1 CNE=NO REQ=NULL M19=2_1(2/1/0) RAT=0 DC=0 QNET=0 ePDG=0 XFRM=0 IMS=0 WFC=0
[2026-09-23 13:19:29.060] DEEP MARKER: STAGE=M19_2_1 M19=2_1 status=2 registered=1 restrictCause=0 RatRequested=0 StartDataCall=0 QNET=0
[2026-09-23 13:20:00.768] STATE -> P1-F; STAGE=IWLAN_HOME SIM=1/ACTIVE HOME=1 DATAIWLAN=1 PREF=1 CNE=NO REQ=NULL M19=NONE(//) RAT=0 DC=0 QNET=0 ePDG=0 XFRM=0 IMS=0 WFC=0
[2026-09-23 13:20:00.969] DEEP MARKER: STAGE=IWLAN_HOME M19=NONE status= registered= restrictCause= RatRequested=0 StartDataCall=0 QNET=0
[2026-09-23 13:20:54.322] DEEP EPOCH RESET: airplane OFF at 13:20:54.322
[2026-09-23 13:20:58.104] STATE -> PRE-P1; STAGE=IWLAN_HOME SIM=1/ACTIVE HOME=1 DATAIWLAN=0 PREF=0 CNE=NO REQ=NULL M19=NONE(//) RAT=0 DC=0 QNET=0 ePDG=0 XFRM=0 IMS=0 WFC=0
[2026-09-23 13:22:04.841] DEEP MARKER: STAGE=M19_OTHER M19=0_2 status=0 registered=2 restrictCause=0 RatRequested=0 StartDataCall=0 QNET=0
[2026-09-23 13:22:14.708] STATE -> P1-CAND; STAGE=M19_2_1 SIM=1/ACTIVE HOME=1 DATAIWLAN=1 PREF=1 CNE=NO REQ=NULL M19=2_1(2/1/0) RAT=0 DC=0 QNET=0 ePDG=0 XFRM=0 IMS=0 WFC=0
[2026-09-23 13:22:14.909] DEEP MARKER: STAGE=M19_2_1 M19=2_1 status=2 registered=1 restrictCause=0 RatRequested=0 StartDataCall=0 QNET=0
[2026-09-23 13:23:04.122] STATE -> P1-F; STAGE=IWLAN_HOME SIM=1/ACTIVE HOME=1 DATAIWLAN=1 PREF=1 CNE=NO REQ=NULL M19=NONE(//) RAT=0 DC=0 QNET=0 ePDG=0 XFRM=0 IMS=0 WFC=0
[2026-09-23 13:23:04.309] DEEP MARKER: STAGE=IWLAN_HOME M19=NONE status= registered= restrictCause= RatRequested=0 StartDataCall=0 QNET=0
[2026-09-23 13:24:10.109] DEEP EPOCH RESET: airplane OFF at 13:24:10.108
[2026-09-23 13:24:14.382] STATE -> PRE-P1; STAGE=IWLAN_HOME SIM=1/ACTIVE HOME=1 DATAIWLAN=0 PREF=0 CNE=NO REQ=NULL M19=NONE(//) RAT=0 DC=0 QNET=0 ePDG=0 XFRM=0 IMS=0 WFC=0
[2026-09-23 13:24:56.520] DEEP MARKER: STAGE=M19_2_1 M19=2_1 status=2 registered=1 restrictCause=0 RatRequested=0 StartDataCall=0 QNET=0
[2026-09-23 13:25:06.703] STATE -> P1-CAND; STAGE=M19_2_1 SIM=1/ACTIVE HOME=1 DATAIWLAN=1 PREF=1 CNE=NO REQ=NULL M19=2_1(2/1/0) RAT=0 DC=0 QNET=0 ePDG=0 XFRM=0 IMS=0 WFC=0
[2026-09-23 13:25:47.798] STATE -> P1-F; STAGE=IWLAN_HOME SIM=1/ACTIVE HOME=1 DATAIWLAN=1 PREF=1 CNE=NO REQ=NULL M19=NONE(//) RAT=0 DC=0 QNET=0 ePDG=0 XFRM=0 IMS=0 WFC=0
[2026-09-23 13:25:48.001] DEEP MARKER: STAGE=IWLAN_HOME M19=NONE status= registered= restrictCause= RatRequested=0 StartDataCall=0 QNET=0
[2026-09-23 13:26:33.260] DEEP EPOCH RESET: airplane OFF at 13:26:33.260
[2026-09-23 13:26:36.803] STATE -> PRE-P1; STAGE=IWLAN_HOME SIM=1/ACTIVE HOME=1 DATAIWLAN=0 PREF=0 CNE=NO REQ=NULL M19=NONE(//) RAT=0 DC=0 QNET=0 ePDG=0 XFRM=0 IMS=0 WFC=0
