initial_f1_timestamp=2026-09-17T21:01:27+08:00
initial_failure_class=F1
initial_slot0=subId:1 slot:0 carrierId:2237 mcc:460 mnc:11
{"timestamp":"2026-09-17T21:01:24.160+08:00","uid":0,"selinuxContext":"u:r:magisk:s0","target":{"subId":11,"slotId":1,"phoneId":1,"carrierId":28,"mcc":234,"mnc":15,"mappingGate":true},"protectedSlot0":{"subId":1,"slotId":0,"carrierId":2237,"mcc":460,"mnc":11,"active":true,"mappingGate":true},"subscription":{"active":true,"areUiccApplicationsEnabled":true,"defaultDataSubId":1,"activeDataSubId":1},"iwlan":{"rilDataTechnology":"IWLAN","psWlanState":"HOME","accessNetworkTechnology":"IWLAN","iwlanPreferred":true},"ims":{"registrationStateRaw":0,"registrationStateName":"NOT_REGISTERED","registrationTransportRaw":-1,"registrationTransportName":"UNKNOWN_-1"},"mmtel":{"voiceIwlanAvailable":false,"voiceIwlanCapable":false,"featureState":"READY"},"wfc":{"settingEnabled":true,"wifiCallingAvailable":false},"connectivity":{"imsIwlanNetworkAgent":false,"imsNetworkId":null,"imsRequestActive":false,"qtiCneRequestActive":false,"qtiCneRequestRegistered":false,"qtiCneRequestId":null,"qtiCneSatisfiedRequestId":null},"epdg":{"udp4500Keepalive":false,"keepaliveInterval":null,"xfrmTunnel":false},"safetyGate":true,"directWfcHealthy":false,"imsIwlanNetworkAgentSupportingEvidence":false,"goldenStrong":false,"failureClass":"F1","errors": []}
mode=dry-run
uid=0
selinux=u:r:magisk:s0
descriptor=com.android.internal.telephony.ISub
voxiActiveSlot1Sub11Carrier28MccMnc23415Enabled=PASS
protectedSlot0Sub1Carrier2237MccMnc46011Enabled=PASS
deepRemoveGate=PASS
WOULD_CALL=ISub.setUiccApplicationsEnabled(false,11)
false_timestamp=2026-09-17T21:01:28+08:00 false_exit=0
mode=disable
uid=0
selinux=u:r:magisk:s0
descriptor=com.android.internal.telephony.ISub
voxiActiveSlot1Sub11Carrier28MccMnc23415Enabled=PASS
protectedSlot0Sub1Carrier2237MccMnc46011Enabled=PASS
deepRemoveGate=PASS
WRITE_CALL=ISub.setUiccApplicationsEnabled(false,11)
writeStartEpochMs=[REDACTED]
writeEndEpochMs=[REDACTED]
return=1
remove_elapsed=5s {"timestamp":"2026-09-17T21:01:30.204+08:00","uid":0,"selinuxContext":"u:r:magisk:s0","target":{"subId":11,"slotId":-1,"phoneId":2147483647,"carrierId":null,"mcc":null,"mnc":null,"mappingGate":false},"protectedSlot0":{"subId":1,"slotId":0,"carrierId":2237,"mcc":460,"mnc":11,"active":true,"mappingGate":true},"subscription":{"active":false,"areUiccApplicationsEnabled":null,"defaultDataSubId":1,"activeDataSubId":1},"iwlan":{"rilDataTechnology":"Unknown","psWlanState":"UNKNOWN","accessNetworkTechnology":"UNKNOWN","iwlanPreferred":false},"ims":{"registrationStateRaw":0,"registrationStateName":"NOT_REGISTERED","registrationTransportRaw":-1,"registrationTransportName":"UNKNOWN_-1"},"mmtel":{"voiceIwlanAvailable":false,"voiceIwlanCapable":false,"featureState":null},"wfc":{"settingEnabled":null,"wifiCallingAvailable":false},"connectivity":{"imsIwlanNetworkAgent":false,"imsNetworkId":null,"imsRequestActive":false,"qtiCneRequestActive":false,"qtiCneRequestRegistered":false,"qtiCneRequestId":null,"qtiCneSatisfiedRequestId":null},"epdg":{"udp4500Keepalive":false,"keepaliveInterval":null,"xfrmTunnel":false},"safetyGate":false,"directWfcHealthy":false,"imsIwlanNetworkAgentSupportingEvidence":false,"goldenStrong":false,"failureClass":"F8","errors": ["ImsMmTelManager: java.lang.IllegalArgumentException: null"]}
f8_confirmation_timestamp=2026-09-17T21:01:32+08:00
mode=dry-run
uid=0
selinux=u:r:magisk:s0
descriptor=com.android.internal.telephony.ISub
voxiIdentity11Carrier28MccMnc23415=PASS
voxiInactiveSlotMinus1=PASS
voxiUiccAppsDisabled=PASS
protectedSlot0Sub1MccMnc46011Enabled=PASS
inactiveRecoveryGate=PASS
WOULD_CALL=ISub.setUiccApplicationsEnabled(true,11)
true_timestamp=2026-09-17T21:01:34+08:00 true_exit=0
mode=recover
uid=0
selinux=u:r:magisk:s0
descriptor=com.android.internal.telephony.ISub
voxiIdentity11Carrier28MccMnc23415=PASS
voxiInactiveSlotMinus1=PASS
voxiUiccAppsDisabled=PASS
protectedSlot0Sub1MccMnc46011Enabled=PASS
inactiveRecoveryGate=PASS
WRITE_CALL=ISub.setUiccApplicationsEnabled(true,11)
writeStartEpochMs=[REDACTED]
writeEndEpochMs=[REDACTED]
return=1
recover_elapsed=4s {"timestamp":"2026-09-17T21:01:35.978+08:00","uid":0,"selinuxContext":"u:r:magisk:s0","target":{"subId":11,"slotId":1,"phoneId":1,"carrierId":28,"mcc":234,"mnc":15,"mappingGate":true},"protectedSlot0":{"subId":1,"slotId":0,"carrierId":2237,"mcc":460,"mnc":11,"active":true,"mappingGate":true},"subscription":{"active":true,"areUiccApplicationsEnabled":true,"defaultDataSubId":1,"activeDataSubId":1},"iwlan":{"rilDataTechnology":"IWLAN","psWlanState":"HOME","accessNetworkTechnology":"IWLAN","iwlanPreferred":true},"ims":{"registrationStateRaw":0,"registrationStateName":"NOT_REGISTERED","registrationTransportRaw":-1,"registrationTransportName":"UNKNOWN_-1"},"mmtel":{"voiceIwlanAvailable":false,"voiceIwlanCapable":false,"featureState":"UNAVAILABLE"},"wfc":{"settingEnabled":true,"wifiCallingAvailable":false},"connectivity":{"imsIwlanNetworkAgent":false,"imsNetworkId":null,"imsRequestActive":false,"qtiCneRequestActive":false,"qtiCneRequestRegistered":false,"qtiCneRequestId":null,"qtiCneSatisfiedRequestId":null},"epdg":{"udp4500Keepalive":false,"keepaliveInterval":null,"xfrmTunnel":false},"safetyGate":true,"directWfcHealthy":false,"imsIwlanNetworkAgentSupportingEvidence":false,"goldenStrong":false,"failureClass":"F1","errors": []}
recover_elapsed=8s {"timestamp":"2026-09-17T21:01:39.410+08:00","uid":0,"selinuxContext":"u:r:magisk:s0","target":{"subId":11,"slotId":1,"phoneId":1,"carrierId":28,"mcc":234,"mnc":15,"mappingGate":true},"protectedSlot0":{"subId":1,"slotId":0,"carrierId":2237,"mcc":460,"mnc":11,"active":true,"mappingGate":true},"subscription":{"active":true,"areUiccApplicationsEnabled":true,"defaultDataSubId":1,"activeDataSubId":1},"iwlan":{"rilDataTechnology":"IWLAN","psWlanState":"HOME","accessNetworkTechnology":"IWLAN","iwlanPreferred":true},"ims":{"registrationStateRaw":0,"registrationStateName":"NOT_REGISTERED","registrationTransportRaw":-1,"registrationTransportName":"UNKNOWN_-1"},"mmtel":{"voiceIwlanAvailable":false,"voiceIwlanCapable":false,"featureState":"READY"},"wfc":{"settingEnabled":true,"wifiCallingAvailable":false},"connectivity":{"imsIwlanNetworkAgent":false,"imsNetworkId":null,"imsRequestActive":false,"qtiCneRequestActive":false,"qtiCneRequestRegistered":false,"qtiCneRequestId":null,"qtiCneSatisfiedRequestId":null},"epdg":{"udp4500Keepalive":false,"keepaliveInterval":null,"xfrmTunnel":false},"safetyGate":true,"directWfcHealthy":false,"imsIwlanNetworkAgentSupportingEvidence":false,"goldenStrong":false,"failureClass":"F1","errors": []}
recover_elapsed=12s {"timestamp":"2026-09-17T21:01:43.336+08:00","uid":0,"selinuxContext":"u:r:magisk:s0","target":{"subId":11,"slotId":1,"phoneId":1,"carrierId":28,"mcc":234,"mnc":15,"mappingGate":true},"protectedSlot0":{"subId":1,"slotId":0,"carrierId":2237,"mcc":460,"mnc":11,"active":true,"mappingGate":true},"subscription":{"active":true,"areUiccApplicationsEnabled":true,"defaultDataSubId":1,"activeDataSubId":1},"iwlan":{"rilDataTechnology":"IWLAN","psWlanState":"HOME","accessNetworkTechnology":"IWLAN","iwlanPreferred":true},"ims":{"registrationStateRaw":0,"registrationStateName":"NOT_REGISTERED","registrationTransportRaw":-1,"registrationTransportName":"UNKNOWN_-1"},"mmtel":{"voiceIwlanAvailable":false,"voiceIwlanCapable":false,"featureState":"READY"},"wfc":{"settingEnabled":true,"wifiCallingAvailable":false},"connectivity":{"imsIwlanNetworkAgent":false,"imsNetworkId":null,"imsRequestActive":false,"qtiCneRequestActive":false,"qtiCneRequestRegistered":false,"qtiCneRequestId":null,"qtiCneSatisfiedRequestId":null},"epdg":{"udp4500Keepalive":true,"keepaliveInterval":20,"xfrmTunnel":true},"safetyGate":true,"directWfcHealthy":false,"imsIwlanNetworkAgentSupportingEvidence":false,"goldenStrong":false,"failureClass":"F1","errors": []}
recover_elapsed=15s {"timestamp":"2026-09-17T21:01:46.846+08:00","uid":0,"selinuxContext":"u:r:magisk:s0","target":{"subId":11,"slotId":1,"phoneId":1,"carrierId":28,"mcc":234,"mnc":15,"mappingGate":true},"protectedSlot0":{"subId":1,"slotId":0,"carrierId":2237,"mcc":460,"mnc":11,"active":true,"mappingGate":true},"subscription":{"active":true,"areUiccApplicationsEnabled":true,"defaultDataSubId":1,"activeDataSubId":1},"iwlan":{"rilDataTechnology":"IWLAN","psWlanState":"HOME","accessNetworkTechnology":"IWLAN","iwlanPreferred":true},"ims":{"registrationStateRaw":1,"registrationStateName":"REGISTERING","registrationTransportRaw":2,"registrationTransportName":"WLAN"},"mmtel":{"voiceIwlanAvailable":false,"voiceIwlanCapable":false,"featureState":"READY"},"wfc":{"settingEnabled":true,"wifiCallingAvailable":false},"connectivity":{"imsIwlanNetworkAgent":false,"imsNetworkId":null,"imsRequestActive":true,"qtiCneRequestActive":false,"qtiCneRequestRegistered":true,"qtiCneRequestId":106,"qtiCneSatisfiedRequestId":null},"epdg":{"udp4500Keepalive":true,"keepaliveInterval":20,"xfrmTunnel":true},"safetyGate":true,"directWfcHealthy":false,"imsIwlanNetworkAgentSupportingEvidence":false,"goldenStrong":false,"failureClass":"F2","errors": []}
recover_elapsed=19s {"timestamp":"2026-09-17T21:01:50.361+08:00","uid":0,"selinuxContext":"u:r:magisk:s0","target":{"subId":11,"slotId":1,"phoneId":1,"carrierId":28,"mcc":234,"mnc":15,"mappingGate":true},"protectedSlot0":{"subId":1,"slotId":0,"carrierId":2237,"mcc":460,"mnc":11,"active":true,"mappingGate":true},"subscription":{"active":true,"areUiccApplicationsEnabled":true,"defaultDataSubId":1,"activeDataSubId":1},"iwlan":{"rilDataTechnology":"IWLAN","psWlanState":"HOME","accessNetworkTechnology":"IWLAN","iwlanPreferred":true},"ims":{"registrationStateRaw":2,"registrationStateName":"REGISTERED","registrationTransportRaw":2,"registrationTransportName":"WLAN"},"mmtel":{"voiceIwlanAvailable":true,"voiceIwlanCapable":true,"featureState":"READY"},"wfc":{"settingEnabled":true,"wifiCallingAvailable":true},"connectivity":{"imsIwlanNetworkAgent":false,"imsNetworkId":null,"imsRequestActive":true,"qtiCneRequestActive":false,"qtiCneRequestRegistered":true,"qtiCneRequestId":106,"qtiCneSatisfiedRequestId":null},"epdg":{"udp4500Keepalive":true,"keepaliveInterval":20,"xfrmTunnel":true},"safetyGate":true,"directWfcHealthy":true,"imsIwlanNetworkAgentSupportingEvidence":false,"goldenStrong":true,"failureClass":"F0","errors": []}
deep_recovery_success_timestamp=2026-09-17T21:01:52+08:00
recovery_time_seconds=19
final_ims=REGISTERED/2 transport=WLAN/2 voice_iwlan=true wfc=true
final_slot0=subId:1 slot:0 carrierId:2237 mcc:460 mnc:11
